STEP  PGM  ChkDFTAP  bash  ...
0дег а.е.                 @DEH           стоивеиа дж/дт/тап                      15022016                                                             
150
110000060901соугдиас                 6ахгма          1067601001102  0000000000000001001042  19940000000   0100д000000000000000000000015022016         
150
110000088502адяиамоу                47ахгма          1055501001102  0000053000005301001252  19500000053исо0100д000000000000000000000015022016         
150
110000098202мотаяа                   4ахгма          1068301001101  0000120000012001001291  19500000120   0100д000000000000000000000015022016         
150
110000368007бактетсиоу              49ахгма          1068101001102  0000256000025601001312  19500000256   0100д000000000000000000000015022016         
150
110000654501лпоуйоубака             21ахгма          1147501001101  0000064000006401007171  19500000064   0100д000000000000000000000015022016         
150
110000671905йаподистяиоу            22ахгма          1068201001102  0000306000030601001292  19940000306   0100д000000000000000000000015022016         
150
110000983002паным                   14ахгма          1136201001101  0000114000011401006061  19500000114   0100д000000000000000000000015022016         
150
110001181601фаилг                    9ахгма          1068201001101  0000123000012301001291  19500000136   0100д000000000000000000000015022016         
150
110001189301фаилг                    9ахгма          1068201001102  0000126000012601001292  19500000126   0100д000000000000000000000015022016         
150
